// Jest Snapshot v1, https://goo.gl/fbAQLP

exports[`Footer Should render Footer with dashboard selected 1`] = `
<View
  style={
    Array [
      Object {
        "backgroundColor": "rgba(240, 240, 240,0.8)",
        "borderColor": "rgba(76, 154, 42, 1)",
        "borderTopWidth": 2,
        "display": "flex",
        "flexDirection": "row",
        "height": "10%",
        "justifyContent": "space-evenly",
      },
    ]
  }
>
  <View
    accessible={true}
    focusable={true}
    onClick={[Function]}
    onResponderGrant={[Function]}
    onResponderMove={[Function]}
    onResponderRelease={[Function]}
    onResponderTerminate={[Function]}
    onResponderTerminationRequest={[Function]}
    onStartShouldSetResponder={[Function]}
    style={
      Object {
        "alignItems": "center",
        "backgroundColor": "rgba(76, 154, 42, 1)",
        "borderRadius": 6,
        "elevation": 3,
        "flexBasis": 0,
        "flexGrow": 1,
        "flexShrink": 1,
        "justifyContent": "center",
        "marginBottom": 5,
        "marginLeft": 5,
        "marginRight": 5,
        "marginTop": 5,
        "opacity": 1,
      }
    }
  >
    <Image
      source={
        Object {
          "testUri": "../../../src/assets/icons/dashboard.png",
        }
      }
      style={
        Object {
          "height": 35,
          "marginBottom": 5,
          "marginTop": 3,
          "width": 35,
        }
      }
    />
    <Text
      style={
        Array [
          Object {
            "color": "rgba(255, 255, 255, 1)",
            "fontSize": 12,
            "fontWeight": "700",
            "textAlign": "center",
            "width": "100%",
          },
        ]
      }
    >
      Dashboard
    </Text>
  </View>
  <View
    accessible={true}
    focusable={true}
    onClick={[Function]}
    onResponderGrant={[Function]}
    onResponderMove={[Function]}
    onResponderRelease={[Function]}
    onResponderTerminate={[Function]}
    onResponderTerminationRequest={[Function]}
    onStartShouldSetResponder={[Function]}
    style={
      Object {
        "alignItems": "center",
        "backgroundColor": "rgba(240, 240, 240,0.8)",
        "flexBasis": 0,
        "flexGrow": 1,
        "flexShrink": 1,
        "justifyContent": "center",
        "marginBottom": 5,
        "marginLeft": 5,
        "marginRight": 5,
        "marginTop": 5,
        "opacity": 1,
      }
    }
  >
    <Image
      source={
        Object {
          "testUri": "../../../src/assets/icons/shop.png",
        }
      }
      style={
        Object {
          "height": 35,
          "marginBottom": 5,
          "marginTop": 3,
          "width": 35,
        }
      }
    />
    <Text
      style={
        Array [
          Object {
            "color": "rgba(76, 154, 42, 1)",
            "fontSize": 12,
            "fontWeight": "700",
            "textAlign": "center",
            "width": "100%",
          },
        ]
      }
    >
      Shop
    </Text>
  </View>
  <View
    accessible={true}
    focusable={true}
    onClick={[Function]}
    onResponderGrant={[Function]}
    onResponderMove={[Function]}
    onResponderRelease={[Function]}
    onResponderTerminate={[Function]}
    onResponderTerminationRequest={[Function]}
    onStartShouldSetResponder={[Function]}
    style={
      Object {
        "alignItems": "center",
        "backgroundColor": "rgba(240, 240, 240,0.8)",
        "flexBasis": 0,
        "flexGrow": 1,
        "flexShrink": 1,
        "justifyContent": "center",
        "marginBottom": 5,
        "marginLeft": 5,
        "marginRight": 5,
        "marginTop": 5,
        "opacity": 1,
      }
    }
  >
    <Image
      source={
        Object {
          "testUri": "../../../src/assets/icons/getHelp.png",
        }
      }
      style={
        Object {
          "height": 35,
          "marginBottom": 5,
          "marginTop": 3,
          "width": 35,
        }
      }
    />
    <Text
      style={
        Array [
          Object {
            "color": "rgba(76, 154, 42, 1)",
            "fontSize": 12,
            "fontWeight": "700",
            "textAlign": "center",
            "width": "100%",
          },
        ]
      }
    >
      Get Help
    </Text>
  </View>
  <View
    accessible={true}
    focusable={true}
    onClick={[Function]}
    onResponderGrant={[Function]}
    onResponderMove={[Function]}
    onResponderRelease={[Function]}
    onResponderTerminate={[Function]}
    onResponderTerminationRequest={[Function]}
    onStartShouldSetResponder={[Function]}
    style={
      Object {
        "alignItems": "center",
        "backgroundColor": "rgba(240, 240, 240,0.8)",
        "flexBasis": 0,
        "flexGrow": 1,
        "flexShrink": 1,
        "justifyContent": "center",
        "marginBottom": 5,
        "marginLeft": 5,
        "marginRight": 5,
        "marginTop": 5,
        "opacity": 1,
      }
    }
  >
    <Image
      source={
        Object {
          "testUri": "../../../src/assets/icons/learn.png",
        }
      }
      style={
        Object {
          "height": 35,
          "marginBottom": 5,
          "marginTop": 3,
          "width": 35,
        }
      }
    />
    <Text
      style={
        Array [
          Object {
            "color": "rgba(76, 154, 42, 1)",
            "fontSize": 12,
            "fontWeight": "700",
            "textAlign": "center",
            "width": "100%",
          },
        ]
      }
    >
      Learn
    </Text>
  </View>
</View>
`;

exports[`Footer Should render Footer with get help selected 1`] = `
<View
  style={
    Array [
      Object {
        "backgroundColor": "rgba(240, 240, 240,0.8)",
        "borderColor": "rgba(76, 154, 42, 1)",
        "borderTopWidth": 2,
        "display": "flex",
        "flexDirection": "row",
        "height": "10%",
        "justifyContent": "space-evenly",
      },
    ]
  }
>
  <View
    accessible={true}
    focusable={true}
    onClick={[Function]}
    onResponderGrant={[Function]}
    onResponderMove={[Function]}
    onResponderRelease={[Function]}
    onResponderTerminate={[Function]}
    onResponderTerminationRequest={[Function]}
    onStartShouldSetResponder={[Function]}
    style={
      Object {
        "alignItems": "center",
        "backgroundColor": "rgba(240, 240, 240,0.8)",
        "flexBasis": 0,
        "flexGrow": 1,
        "flexShrink": 1,
        "justifyContent": "center",
        "marginBottom": 5,
        "marginLeft": 5,
        "marginRight": 5,
        "marginTop": 5,
        "opacity": 1,
      }
    }
  >
    <Image
      source={
        Object {
          "testUri": "../../../src/assets/icons/dashboard.png",
        }
      }
      style={
        Object {
          "height": 35,
          "marginBottom": 5,
          "marginTop": 3,
          "width": 35,
        }
      }
    />
    <Text
      style={
        Array [
          Object {
            "color": "rgba(76, 154, 42, 1)",
            "fontSize": 12,
            "fontWeight": "700",
            "textAlign": "center",
            "width": "100%",
          },
        ]
      }
    >
      Dashboard
    </Text>
  </View>
  <View
    accessible={true}
    focusable={true}
    onClick={[Function]}
    onResponderGrant={[Function]}
    onResponderMove={[Function]}
    onResponderRelease={[Function]}
    onResponderTerminate={[Function]}
    onResponderTerminationRequest={[Function]}
    onStartShouldSetResponder={[Function]}
    style={
      Object {
        "alignItems": "center",
        "backgroundColor": "rgba(240, 240, 240,0.8)",
        "flexBasis": 0,
        "flexGrow": 1,
        "flexShrink": 1,
        "justifyContent": "center",
        "marginBottom": 5,
        "marginLeft": 5,
        "marginRight": 5,
        "marginTop": 5,
        "opacity": 1,
      }
    }
  >
    <Image
      source={
        Object {
          "testUri": "../../../src/assets/icons/shop.png",
        }
      }
      style={
        Object {
          "height": 35,
          "marginBottom": 5,
          "marginTop": 3,
          "width": 35,
        }
      }
    />
    <Text
      style={
        Array [
          Object {
            "color": "rgba(76, 154, 42, 1)",
            "fontSize": 12,
            "fontWeight": "700",
            "textAlign": "center",
            "width": "100%",
          },
        ]
      }
    >
      Shop
    </Text>
  </View>
  <View
    accessible={true}
    focusable={true}
    onClick={[Function]}
    onResponderGrant={[Function]}
    onResponderMove={[Function]}
    onResponderRelease={[Function]}
    onResponderTerminate={[Function]}
    onResponderTerminationRequest={[Function]}
    onStartShouldSetResponder={[Function]}
    style={
      Object {
        "alignItems": "center",
        "backgroundColor": "rgba(76, 154, 42, 1)",
        "borderRadius": 6,
        "elevation": 3,
        "flexBasis": 0,
        "flexGrow": 1,
        "flexShrink": 1,
        "justifyContent": "center",
        "marginBottom": 5,
        "marginLeft": 5,
        "marginRight": 5,
        "marginTop": 5,
        "opacity": 1,
      }
    }
  >
    <Image
      source={
        Object {
          "testUri": "../../../src/assets/icons/getHelp.png",
        }
      }
      style={
        Object {
          "height": 35,
          "marginBottom": 5,
          "marginTop": 3,
          "width": 35,
        }
      }
    />
    <Text
      style={
        Array [
          Object {
            "color": "rgba(255, 255, 255, 1)",
            "fontSize": 12,
            "fontWeight": "700",
            "textAlign": "center",
            "width": "100%",
          },
        ]
      }
    >
      Get Help
    </Text>
  </View>
  <View
    accessible={true}
    focusable={true}
    onClick={[Function]}
    onResponderGrant={[Function]}
    onResponderMove={[Function]}
    onResponderRelease={[Function]}
    onResponderTerminate={[Function]}
    onResponderTerminationRequest={[Function]}
    onStartShouldSetResponder={[Function]}
    style={
      Object {
        "alignItems": "center",
        "backgroundColor": "rgba(240, 240, 240,0.8)",
        "flexBasis": 0,
        "flexGrow": 1,
        "flexShrink": 1,
        "justifyContent": "center",
        "marginBottom": 5,
        "marginLeft": 5,
        "marginRight": 5,
        "marginTop": 5,
        "opacity": 1,
      }
    }
  >
    <Image
      source={
        Object {
          "testUri": "../../../src/assets/icons/learn.png",
        }
      }
      style={
        Object {
          "height": 35,
          "marginBottom": 5,
          "marginTop": 3,
          "width": 35,
        }
      }
    />
    <Text
      style={
        Array [
          Object {
            "color": "rgba(76, 154, 42, 1)",
            "fontSize": 12,
            "fontWeight": "700",
            "textAlign": "center",
            "width": "100%",
          },
        ]
      }
    >
      Learn
    </Text>
  </View>
</View>
`;

exports[`Footer Should render Footer with learn selected 1`] = `
<View
  style={
    Array [
      Object {
        "backgroundColor": "rgba(240, 240, 240,0.8)",
        "borderColor": "rgba(76, 154, 42, 1)",
        "borderTopWidth": 2,
        "display": "flex",
        "flexDirection": "row",
        "height": "10%",
        "justifyContent": "space-evenly",
      },
    ]
  }
>
  <View
    accessible={true}
    focusable={true}
    onClick={[Function]}
    onResponderGrant={[Function]}
    onResponderMove={[Function]}
    onResponderRelease={[Function]}
    onResponderTerminate={[Function]}
    onResponderTerminationRequest={[Function]}
    onStartShouldSetResponder={[Function]}
    style={
      Object {
        "alignItems": "center",
        "backgroundColor": "rgba(240, 240, 240,0.8)",
        "flexBasis": 0,
        "flexGrow": 1,
        "flexShrink": 1,
        "justifyContent": "center",
        "marginBottom": 5,
        "marginLeft": 5,
        "marginRight": 5,
        "marginTop": 5,
        "opacity": 1,
      }
    }
  >
    <Image
      source={
        Object {
          "testUri": "../../../src/assets/icons/dashboard.png",
        }
      }
      style={
        Object {
          "height": 35,
          "marginBottom": 5,
          "marginTop": 3,
          "width": 35,
        }
      }
    />
    <Text
      style={
        Array [
          Object {
            "color": "rgba(76, 154, 42, 1)",
            "fontSize": 12,
            "fontWeight": "700",
            "textAlign": "center",
            "width": "100%",
          },
        ]
      }
    >
      Dashboard
    </Text>
  </View>
  <View
    accessible={true}
    focusable={true}
    onClick={[Function]}
    onResponderGrant={[Function]}
    onResponderMove={[Function]}
    onResponderRelease={[Function]}
    onResponderTerminate={[Function]}
    onResponderTerminationRequest={[Function]}
    onStartShouldSetResponder={[Function]}
    style={
      Object {
        "alignItems": "center",
        "backgroundColor": "rgba(240, 240, 240,0.8)",
        "flexBasis": 0,
        "flexGrow": 1,
        "flexShrink": 1,
        "justifyContent": "center",
        "marginBottom": 5,
        "marginLeft": 5,
        "marginRight": 5,
        "marginTop": 5,
        "opacity": 1,
      }
    }
  >
    <Image
      source={
        Object {
          "testUri": "../../../src/assets/icons/shop.png",
        }
      }
      style={
        Object {
          "height": 35,
          "marginBottom": 5,
          "marginTop": 3,
          "width": 35,
        }
      }
    />
    <Text
      style={
        Array [
          Object {
            "color": "rgba(76, 154, 42, 1)",
            "fontSize": 12,
            "fontWeight": "700",
            "textAlign": "center",
            "width": "100%",
          },
        ]
      }
    >
      Shop
    </Text>
  </View>
  <View
    accessible={true}
    focusable={true}
    onClick={[Function]}
    onResponderGrant={[Function]}
    onResponderMove={[Function]}
    onResponderRelease={[Function]}
    onResponderTerminate={[Function]}
    onResponderTerminationRequest={[Function]}
    onStartShouldSetResponder={[Function]}
    style={
      Object {
        "alignItems": "center",
        "backgroundColor": "rgba(240, 240, 240,0.8)",
        "flexBasis": 0,
        "flexGrow": 1,
        "flexShrink": 1,
        "justifyContent": "center",
        "marginBottom": 5,
        "marginLeft": 5,
        "marginRight": 5,
        "marginTop": 5,
        "opacity": 1,
      }
    }
  >
    <Image
      source={
        Object {
          "testUri": "../../../src/assets/icons/getHelp.png",
        }
      }
      style={
        Object {
          "height": 35,
          "marginBottom": 5,
          "marginTop": 3,
          "width": 35,
        }
      }
    />
    <Text
      style={
        Array [
          Object {
            "color": "rgba(76, 154, 42, 1)",
            "fontSize": 12,
            "fontWeight": "700",
            "textAlign": "center",
            "width": "100%",
          },
        ]
      }
    >
      Get Help
    </Text>
  </View>
  <View
    accessible={true}
    focusable={true}
    onClick={[Function]}
    onResponderGrant={[Function]}
    onResponderMove={[Function]}
    onResponderRelease={[Function]}
    onResponderTerminate={[Function]}
    onResponderTerminationRequest={[Function]}
    onStartShouldSetResponder={[Function]}
    style={
      Object {
        "alignItems": "center",
        "backgroundColor": "rgba(76, 154, 42, 1)",
        "borderRadius": 6,
        "elevation": 3,
        "flexBasis": 0,
        "flexGrow": 1,
        "flexShrink": 1,
        "justifyContent": "center",
        "marginBottom": 5,
        "marginLeft": 5,
        "marginRight": 5,
        "marginTop": 5,
        "opacity": 1,
      }
    }
  >
    <Image
      source={
        Object {
          "testUri": "../../../src/assets/icons/learn.png",
        }
      }
      style={
        Object {
          "height": 35,
          "marginBottom": 5,
          "marginTop": 3,
          "width": 35,
        }
      }
    />
    <Text
      style={
        Array [
          Object {
            "color": "rgba(255, 255, 255, 1)",
            "fontSize": 12,
            "fontWeight": "700",
            "textAlign": "center",
            "width": "100%",
          },
        ]
      }
    >
      Learn
    </Text>
  </View>
</View>
`;

exports[`Footer Should render Footer with shop selected 1`] = `
<View
  style={
    Array [
      Object {
        "backgroundColor": "rgba(240, 240, 240,0.8)",
        "borderColor": "rgba(76, 154, 42, 1)",
        "borderTopWidth": 2,
        "display": "flex",
        "flexDirection": "row",
        "height": "10%",
        "justifyContent": "space-evenly",
      },
    ]
  }
>
  <View
    accessible={true}
    focusable={true}
    onClick={[Function]}
    onResponderGrant={[Function]}
    onResponderMove={[Function]}
    onResponderRelease={[Function]}
    onResponderTerminate={[Function]}
    onResponderTerminationRequest={[Function]}
    onStartShouldSetResponder={[Function]}
    style={
      Object {
        "alignItems": "center",
        "backgroundColor": "rgba(240, 240, 240,0.8)",
        "flexBasis": 0,
        "flexGrow": 1,
        "flexShrink": 1,
        "justifyContent": "center",
        "marginBottom": 5,
        "marginLeft": 5,
        "marginRight": 5,
        "marginTop": 5,
        "opacity": 1,
      }
    }
  >
    <Image
      source={
        Object {
          "testUri": "../../../src/assets/icons/dashboard.png",
        }
      }
      style={
        Object {
          "height": 35,
          "marginBottom": 5,
          "marginTop": 3,
          "width": 35,
        }
      }
    />
    <Text
      style={
        Array [
          Object {
            "color": "rgba(76, 154, 42, 1)",
            "fontSize": 12,
            "fontWeight": "700",
            "textAlign": "center",
            "width": "100%",
          },
        ]
      }
    >
      Dashboard
    </Text>
  </View>
  <View
    accessible={true}
    focusable={true}
    onClick={[Function]}
    onResponderGrant={[Function]}
    onResponderMove={[Function]}
    onResponderRelease={[Function]}
    onResponderTerminate={[Function]}
    onResponderTerminationRequest={[Function]}
    onStartShouldSetResponder={[Function]}
    style={
      Object {
        "alignItems": "center",
        "backgroundColor": "rgba(76, 154, 42, 1)",
        "borderRadius": 6,
        "elevation": 3,
        "flexBasis": 0,
        "flexGrow": 1,
        "flexShrink": 1,
        "justifyContent": "center",
        "marginBottom": 5,
        "marginLeft": 5,
        "marginRight": 5,
        "marginTop": 5,
        "opacity": 1,
      }
    }
  >
    <Image
      source={
        Object {
          "testUri": "../../../src/assets/icons/shop.png",
        }
      }
      style={
        Object {
          "height": 35,
          "marginBottom": 5,
          "marginTop": 3,
          "width": 35,
        }
      }
    />
    <Text
      style={
        Array [
          Object {
            "color": "rgba(255, 255, 255, 1)",
            "fontSize": 12,
            "fontWeight": "700",
            "textAlign": "center",
            "width": "100%",
          },
        ]
      }
    >
      Shop
    </Text>
  </View>
  <View
    accessible={true}
    focusable={true}
    onClick={[Function]}
    onResponderGrant={[Function]}
    onResponderMove={[Function]}
    onResponderRelease={[Function]}
    onResponderTerminate={[Function]}
    onResponderTerminationRequest={[Function]}
    onStartShouldSetResponder={[Function]}
    style={
      Object {
        "alignItems": "center",
        "backgroundColor": "rgba(240, 240, 240,0.8)",
        "flexBasis": 0,
        "flexGrow": 1,
        "flexShrink": 1,
        "justifyContent": "center",
        "marginBottom": 5,
        "marginLeft": 5,
        "marginRight": 5,
        "marginTop": 5,
        "opacity": 1,
      }
    }
  >
    <Image
      source={
        Object {
          "testUri": "../../../src/assets/icons/getHelp.png",
        }
      }
      style={
        Object {
          "height": 35,
          "marginBottom": 5,
          "marginTop": 3,
          "width": 35,
        }
      }
    />
    <Text
      style={
        Array [
          Object {
            "color": "rgba(76, 154, 42, 1)",
            "fontSize": 12,
            "fontWeight": "700",
            "textAlign": "center",
            "width": "100%",
          },
        ]
      }
    >
      Get Help
    </Text>
  </View>
  <View
    accessible={true}
    focusable={true}
    onClick={[Function]}
    onResponderGrant={[Function]}
    onResponderMove={[Function]}
    onResponderRelease={[Function]}
    onResponderTerminate={[Function]}
    onResponderTerminationRequest={[Function]}
    onStartShouldSetResponder={[Function]}
    style={
      Object {
        "alignItems": "center",
        "backgroundColor": "rgba(240, 240, 240,0.8)",
        "flexBasis": 0,
        "flexGrow": 1,
        "flexShrink": 1,
        "justifyContent": "center",
        "marginBottom": 5,
        "marginLeft": 5,
        "marginRight": 5,
        "marginTop": 5,
        "opacity": 1,
      }
    }
  >
    <Image
      source={
        Object {
          "testUri": "../../../src/assets/icons/learn.png",
        }
      }
      style={
        Object {
          "height": 35,
          "marginBottom": 5,
          "marginTop": 3,
          "width": 35,
        }
      }
    />
    <Text
      style={
        Array [
          Object {
            "color": "rgba(76, 154, 42, 1)",
            "fontSize": 12,
            "fontWeight": "700",
            "textAlign": "center",
            "width": "100%",
          },
        ]
      }
    >
      Learn
    </Text>
  </View>
</View>
`;

exports[`Footer Should render Footer without selection 1`] = `
<View
  style={
    Array [
      Object {
        "backgroundColor": "rgba(240, 240, 240,0.8)",
        "borderColor": "rgba(76, 154, 42, 1)",
        "borderTopWidth": 2,
        "display": "flex",
        "flexDirection": "row",
        "height": "10%",
        "justifyContent": "space-evenly",
      },
    ]
  }
>
  <View
    accessible={true}
    focusable={true}
    onClick={[Function]}
    onResponderGrant={[Function]}
    onResponderMove={[Function]}
    onResponderRelease={[Function]}
    onResponderTerminate={[Function]}
    onResponderTerminationRequest={[Function]}
    onStartShouldSetResponder={[Function]}
    style={
      Object {
        "alignItems": "center",
        "backgroundColor": "rgba(240, 240, 240,0.8)",
        "flexBasis": 0,
        "flexGrow": 1,
        "flexShrink": 1,
        "justifyContent": "center",
        "marginBottom": 5,
        "marginLeft": 5,
        "marginRight": 5,
        "marginTop": 5,
        "opacity": 1,
      }
    }
  >
    <Image
      source={
        Object {
          "testUri": "../../../src/assets/icons/dashboard.png",
        }
      }
      style={
        Object {
          "height": 35,
          "marginBottom": 5,
          "marginTop": 3,
          "width": 35,
        }
      }
    />
    <Text
      style={
        Array [
          Object {
            "color": "rgba(76, 154, 42, 1)",
            "fontSize": 12,
            "fontWeight": "700",
            "textAlign": "center",
            "width": "100%",
          },
        ]
      }
    >
      Dashboard
    </Text>
  </View>
  <View
    accessible={true}
    focusable={true}
    onClick={[Function]}
    onResponderGrant={[Function]}
    onResponderMove={[Function]}
    onResponderRelease={[Function]}
    onResponderTerminate={[Function]}
    onResponderTerminationRequest={[Function]}
    onStartShouldSetResponder={[Function]}
    style={
      Object {
        "alignItems": "center",
        "backgroundColor": "rgba(240, 240, 240,0.8)",
        "flexBasis": 0,
        "flexGrow": 1,
        "flexShrink": 1,
        "justifyContent": "center",
        "marginBottom": 5,
        "marginLeft": 5,
        "marginRight": 5,
        "marginTop": 5,
        "opacity": 1,
      }
    }
  >
    <Image
      source={
        Object {
          "testUri": "../../../src/assets/icons/shop.png",
        }
      }
      style={
        Object {
          "height": 35,
          "marginBottom": 5,
          "marginTop": 3,
          "width": 35,
        }
      }
    />
    <Text
      style={
        Array [
          Object {
            "color": "rgba(76, 154, 42, 1)",
            "fontSize": 12,
            "fontWeight": "700",
            "textAlign": "center",
            "width": "100%",
          },
        ]
      }
    >
      Shop
    </Text>
  </View>
  <View
    accessible={true}
    focusable={true}
    onClick={[Function]}
    onResponderGrant={[Function]}
    onResponderMove={[Function]}
    onResponderRelease={[Function]}
    onResponderTerminate={[Function]}
    onResponderTerminationRequest={[Function]}
    onStartShouldSetResponder={[Function]}
    style={
      Object {
        "alignItems": "center",
        "backgroundColor": "rgba(240, 240, 240,0.8)",
        "flexBasis": 0,
        "flexGrow": 1,
        "flexShrink": 1,
        "justifyContent": "center",
        "marginBottom": 5,
        "marginLeft": 5,
        "marginRight": 5,
        "marginTop": 5,
        "opacity": 1,
      }
    }
  >
    <Image
      source={
        Object {
          "testUri": "../../../src/assets/icons/getHelp.png",
        }
      }
      style={
        Object {
          "height": 35,
          "marginBottom": 5,
          "marginTop": 3,
          "width": 35,
        }
      }
    />
    <Text
      style={
        Array [
          Object {
            "color": "rgba(76, 154, 42, 1)",
            "fontSize": 12,
            "fontWeight": "700",
            "textAlign": "center",
            "width": "100%",
          },
        ]
      }
    >
      Get Help
    </Text>
  </View>
  <View
    accessible={true}
    focusable={true}
    onClick={[Function]}
    onResponderGrant={[Function]}
    onResponderMove={[Function]}
    onResponderRelease={[Function]}
    onResponderTerminate={[Function]}
    onResponderTerminationRequest={[Function]}
    onStartShouldSetResponder={[Function]}
    style={
      Object {
        "alignItems": "center",
        "backgroundColor": "rgba(240, 240, 240,0.8)",
        "flexBasis": 0,
        "flexGrow": 1,
        "flexShrink": 1,
        "justifyContent": "center",
        "marginBottom": 5,
        "marginLeft": 5,
        "marginRight": 5,
        "marginTop": 5,
        "opacity": 1,
      }
    }
  >
    <Image
      source={
        Object {
          "testUri": "../../../src/assets/icons/learn.png",
        }
      }
      style={
        Object {
          "height": 35,
          "marginBottom": 5,
          "marginTop": 3,
          "width": 35,
        }
      }
    />
    <Text
      style={
        Array [
          Object {
            "color": "rgba(76, 154, 42, 1)",
            "fontSize": 12,
            "fontWeight": "700",
            "textAlign": "center",
            "width": "100%",
          },
        ]
      }
    >
      Learn
    </Text>
  </View>
</View>
`;
